// Jest Snapshot v1, https://goo.gl/fbAQLP

exports[`App component renders App 1`] = `
<DocumentFragment>
  <div
    style="display: flex; flex-direction: column; align-items: center; justify-content: center; margin-top: 25px;"
  >
    <label>
       GitHub Username: 
    </label>
    <form
      style="display: flex; flex-direction: column; align-items: center;"
    >
      <input
        value=""
      />
      <button>
         Search 
      </button>
    </form>
    <ul
      style="list-style: none;"
    />
  </div>
</DocumentFragment>
`;
